LexToken(ID,'_int',1,0)
LexToken(ASSIGN,'=',1,5)
LexToken(INT_CONST,333,1,7)
LexToken(ID,'float1',2,11)
LexToken(ASSIGN,'=',2,18)
LexToken(FLOAT_CONST,444.4,2,20)
LexToken(ID,'string',3,26)
LexToken(ASSIGN,'=',3,33)
LexToken(STRING_CONST,'"Hello World \\n"',3,35)